julia> cd("C:\\Users\\ellie\\Downloads\\CHEME-5440-7770-S20-master\\CHEME-5440-7770-S20-master\\problem_sets\\PS2")

julia> include("C:\\Users\\ellie\\Downloads\\CHEME-5440-7770-S20-master\\CHEME-5440-7770-S20-master\\problem_sets\\PS2\\sample_parameter_ensemble.jl")
  Updating registry at `C:\Users\ellie\.julia\registries\General`
  Updating git-repo `https://github.com/JuliaRegistries/General.git`
 Resolving package versions...
 Installed Adapt ────────────────── v1.0.1
 Installed RecursiveArrayTools ──── v2.1.0
 Installed DiffEqPhysics ────────── v3.5.0
 Installed DiffEqNoiseProcess ───── v3.9.0
 Installed SpecialFunctions ─────── v0.10.0
 Installed DelayDiffEq ──────────── v5.21.0
 Installed StatsBase ────────────── v0.32.1
 Installed OrdinaryDiffEq ───────── v5.29.0
 Installed DiffRules ────────────── v1.0.1
 Installed DiffEqBase ───────────── v6.16.0
 Installed DiffEqCallbacks ──────── v2.12.0
 Installed MathProgBase ─────────── v0.7.8
 Installed Sundials ─────────────── v3.8.2
 Installed PlotUtils ────────────── v0.6.3
 Installed DimensionalPlotRecipes ─ v1.1.0
  Updating `C:\Users\ellie\.julia\environments\v1.3\Project.toml`
  [8bb1440f] + DelimitedFiles
  Updating `C:\Users\ellie\.julia\environments\v1.3\Manifest.toml`
  [79e6a3ab] ↑ Adapt v1.0.0 ⇒ v1.0.1
  [bcd4f6db] ↑ DelayDiffEq v5.20.0 ⇒ v5.21.0
  [2b5f629d] ↑ DiffEqBase v6.13.2 ⇒ v6.16.0
  [459566f4] ↑ DiffEqCallbacks v2.11.0 ⇒ v2.12.0
  [77a26b50] ↑ DiffEqNoiseProcess v3.8.0 ⇒ v3.9.0
  [055956cb] ↑ DiffEqPhysics v3.4.0 ⇒ v3.5.0
  [b552c78f] ↑ DiffRules v1.0.0 ⇒ v1.0.1
  [c619ae07] ↑ DimensionalPlotRecipes v1.0.0 ⇒ v1.1.0
  [fdba3010] ↑ MathProgBase v0.7.7 ⇒ v0.7.8
  [1dea7af3] ↑ OrdinaryDiffEq v5.28.1 ⇒ v5.29.0
  [995b91a9] ↑ PlotUtils v0.6.2 ⇒ v0.6.3
  [731186ca] ↑ RecursiveArrayTools v2.0.5 ⇒ v2.1.0
  [276daf66] ↑ SpecialFunctions v0.9.0 ⇒ v0.10.0
  [2913bbd2] ↑ StatsBase v0.32.0 ⇒ v0.32.1
  [c3572dad] ↑ Sundials v3.8.1 ⇒ v3.8.2
  Building Sundials → `C:\Users\ellie\.julia\packages\Sundials\GuMs0\deps\build.log`
 Resolving package versions...
  Updating `C:\Users\ellie\.julia\environments\v1.3\Project.toml`
  [682c06a0] + JSON v0.21.0
  Updating `C:\Users\ellie\.julia\environments\v1.3\Manifest.toml`
 [no changes]
 Resolving package versions...
 Installed ProgressMeter ─ v1.2.0
  Updating `C:\Users\ellie\.julia\environments\v1.3\Project.toml`
  [92933f4c] + ProgressMeter v1.2.0
  Updating `C:\Users\ellie\.julia\environments\v1.3\Manifest.toml`
  [92933f4c] + ProgressMeter v1.2.0
 Resolving package versions...
 Installed Ratios ─────────── v0.3.1
 Installed AxisAlgorithms ─── v1.0.0
 Installed WoodburyMatrices ─ v0.5.0
 Installed OffsetArrays ───── v1.0.2
 Installed Interpolations ─── v0.12.8
  Updating `C:\Users\ellie\.julia\environments\v1.3\Project.toml`
  [a98d9a8b] + Interpolations v0.12.8
  Updating `C:\Users\ellie\.julia\environments\v1.3\Manifest.toml`
  [13072b0f] + AxisAlgorithms v1.0.0
  [a98d9a8b] + Interpolations v0.12.8
  [6fe1bfb0] + OffsetArrays v1.0.2
  [c84ed2f1] + Ratios v0.3.1
  [efce3f68] + WoodburyMatrices v0.5.0
 Resolving package versions...
 Installed Conda ── v1.4.1
 Installed PyCall ─ v1.91.3
  Updating `C:\Users\ellie\.julia\environments\v1.3\Project.toml`
  [d330b81b] + PyPlot v2.8.2
  Updating `C:\Users\ellie\.julia\environments\v1.3\Manifest.toml`
  [8f4d0f93] + Conda v1.4.1
  [b964fa9f] + LaTeXStrings v1.0.3
  [438e738f] + PyCall v1.91.3
  [d330b81b] + PyPlot v2.8.2
  [81def892] + VersionParsing v1.2.0
  Building Conda ─→ `C:\Users\ellie\.julia\packages\Conda\3rPhK\deps\build.log`
  Building PyCall → `C:\Users\ellie\.julia\packages\PyCall\kAhnQ\deps\build.log`
[ Info: Precompiling DifferentialEquations [0c46a032-eb83-5123-abaf-570d42b7fbaa]
[ Info: Precompiling ProgressMeter [92933f4c-e287-5a05-a399-4b506db050ca]
[ Info: Precompiling Optim [429524aa-4258-5aef-a3af-852621145aeb]
[ Info: Precompiling CSV [336ed68f-0bac-5ca0-87d4-7b16caf5d00b]
[ Info: Precompiling Interpolations [a98d9a8b-a2ab-59e6-89dd-64a1c18fca59]
[ Info: Precompiling PyPlot [d330b81b-6aea-500a-939a-2ce795aea3ee]
[ Info: Installing matplotlib via the Conda matplotlib package...
[ Info: Running `conda install -y matplotlib` in root environment
Collecting package metadata (current_repodata.json): done
Solving environment: done

## Package Plan ##

  environment location: C:\Users\ellie\.julia\conda\3

  added / updated specs:
    - matplotlib


The following packages will be downloaded:

    package                    |            build
    ---------------------------|-----------------
    cycler-0.10.0              |   py36hd299a41_0          14 KB
    freetype-2.9.1             |       ha9979f8_1         404 KB
    icu-58.2                   |       h3fcc66b_1         9.3 MB
    jpeg-9b                    |       he27b436_2         208 KB
    kiwisolver-1.1.0           |   py36ha925a31_0          46 KB
    libpng-1.6.37              |       h2a8f88b_0         280 KB
    matplotlib-3.1.3           |           py36_0          22 KB
    matplotlib-base-3.1.3      |   py36h64f37c6_0         4.8 MB
    pyparsing-2.4.6            |             py_0          64 KB
    pyqt-5.9.2                 |   py36h6538335_0         2.6 MB
    python-dateutil-2.8.1      |             py_0         224 KB
    qt-5.9.7                   |   vc14h73c81de_0        63.4 MB
    sip-4.19.8                 |   py36h6538335_0         233 KB
    sqlite-3.31.1              |       he774522_0         617 KB
    tornado-6.0.3              |   py36he774522_3         594 KB
    zlib-1.2.11                |       h62dcd97_3          97 KB
    ------------------------------------------------------------
                                           Total:        82.8 MB

The following NEW packages will be INSTALLED:

  cycler             pkgs/main/win-32::cycler-0.10.0-py36hd299a41_0
  freetype           pkgs/main/win-32::freetype-2.9.1-ha9979f8_1
  icu                pkgs/main/win-32::icu-58.2-h3fcc66b_1
  jpeg               pkgs/main/win-32::jpeg-9b-he27b436_2
  kiwisolver         pkgs/main/win-32::kiwisolver-1.1.0-py36ha925a31_0
  libpng             pkgs/main/win-32::libpng-1.6.37-h2a8f88b_0
  matplotlib         pkgs/main/win-32::matplotlib-3.1.3-py36_0
  matplotlib-base    pkgs/main/win-32::matplotlib-base-3.1.3-py36h64f37c6_0
  pyparsing          pkgs/main/noarch::pyparsing-2.4.6-py_0
  pyqt               pkgs/main/win-32::pyqt-5.9.2-py36h6538335_0
  python-dateutil    pkgs/main/noarch::python-dateutil-2.8.1-py_0
  qt                 pkgs/main/win-32::qt-5.9.7-vc14h73c81de_0
  sip                pkgs/main/win-32::sip-4.19.8-py36h6538335_0
  sqlite             pkgs/main/win-32::sqlite-3.31.1-he774522_0
  tornado            pkgs/main/win-32::tornado-6.0.3-py36he774522_3
  zlib               pkgs/main/win-32::zlib-1.2.11-h62dcd97_3



Downloading and Extracting Packages
sqlite-3.31.1        | 617 KB    | ############################################################################ | 100%
zlib-1.2.11          | 97 KB     | ############################################################################ | 100%
tornado-6.0.3        | 594 KB    | ############################################################################ | 100%
pyparsing-2.4.6      | 64 KB     | ############################################################################ | 100%
kiwisolver-1.1.0     | 46 KB     | ############################################################################ | 100%
libpng-1.6.37        | 280 KB    | ############################################################################ | 100%
pyqt-5.9.2           | 2.6 MB    | ############################################################################ | 100%
matplotlib-3.1.3     | 22 KB     | ############################################################################ | 100%
sip-4.19.8           | 233 KB    | ############################################################################ | 100%
qt-5.9.7             | 63.4 MB   | ############################################################################ | 100%
python-dateutil-2.8. | 224 KB    | ############################################################################ | 100%
icu-58.2             | 9.3 MB    | ############################################################################ | 100%
cycler-0.10.0        | 14 KB     | ############################################################################ | 100%
matplotlib-base-3.1. | 4.8 MB    | ############################################################################ | 100%
jpeg-9b              | 208 KB    | ############################################################################ | 100%
freetype-2.9.1       | 404 KB    | ############################################################################ | 100%
Preparing transaction: done
Verifying transaction: done
Executing transaction: done
ERROR: LoadError: ArgumentError: cannot parse "" as Float64
Stacktrace:
 [1] _parse_failure(::Type, ::String, ::Int32, ::Int32) at .\parse.jl:370 (repeats 2 times)
 [2] #tryparse_internal#348 at .\parse.jl:366 [inlined]
 [3] tryparse_internal at .\parse.jl:364 [inlined]
 [4] #parse#349 at .\parse.jl:376 [inlined]
 [5] parse(::Type{Float64}, ::String) at .\parse.jl:376
 [6] build_biophysical_dictionary(::String, ::Symbol) at C:\Users\ellie\Downloads\CHEME-5440-7770-S20-master\CHEME-5440-7770-S20-master\problem_sets\PS2\Utility.jl:603
 [7] build_data_dictionary(::Tuple{Float64,Float64,Float64}, ::String, ::Symbol) at C:\Users\ellie\Downloads\CHEME-5440-7770-S20-master\CHEME-5440-7770-S20-master\problem_sets\PS2\Data.jl:41
 [8] #main#31(::Float64, ::typeof(main), ::String, ::String) at C:\Users\ellie\Downloads\CHEME-5440-7770-S20-master\CHEME-5440-7770-S20-master\problem_sets\PS2\sample_parameter_ensemble.jl:109
 [9] (::var"#kw##main")(::NamedTuple{(:sample_fraction,),Tuple{Float64}}, ::typeof(main), ::String, ::String) at .\none:0
 [10] top-level scope at C:\Users\ellie\Downloads\CHEME-5440-7770-S20-master\CHEME-5440-7770-S20-master\problem_sets\PS2\sample_parameter_ensemble.jl:151
 [11] include at .\boot.jl:328 [inlined]
 [12] include_relative(::Module, ::String) at .\loading.jl:1105
 [13] include(::Module, ::String) at .\Base.jl:31
 [14] include(::String) at .\client.jl:424
 [15] top-level scope at REPL[2]:1
in expression starting at C:\Users\ellie\Downloads\CHEME-5440-7770-S20-master\CHEME-5440-7770-S20-master\problem_sets\PS2\sample_parameter_ensemble.jl:151

julia>
julia> include("C:\\Users\\ellie\\Downloads\\CHEME-5440-7770-S20-master\\CHEME-5440-7770-S20-master\\problem_sets\\PS2\\sample_parameter_ensemble.jl")
sample_index = 1
sample_index = 2
sample_index = 3
sample_index = 4
sample_index = 5
sample_index = 6
sample_index = 7
sample_index = 8
sample_index = 9
sample_index = 10
sample_index = 11
sample_index = 12
sample_index = 13
sample_index = 14
sample_index = 15
sample_index = 16
sample_index = 17
sample_index = 18
sample_index = 19
julia> include("C:\\Users\\ellie\\Downloads\\CHEME-5440-7770-S20-master\\CHEME-5440-7770-S20-master\\problem_sets\\PS2\\visualize_mRNA_deGFP_simulations.jl")
julia> include("C:\\Users\\ellie\\Downloads\\CHEME-5440-7770-S20-master\\CHEME-5440-7770-S20-master\\problem_sets\\PS2\\visualize_prot_deGFP_simulations.jl")
julia> include("C:\\Users\\ellie\\Downloads\\CHEME-5440-7770-S20-master\\CHEME-5440-7770-S20-master\\problem_sets\\PS2\\visualize_prot_deGFP_simulations.jl")                                                                                                                 
